json = {}
json.numbers = []
json.numbers[0] = 1
json.numbers[1] = 2
json.numbers[2] = 3
json.numbers[3] = 4
json.numbers[4] = 5
json.numbers[5] = 6
json.numbers[6] = 7
json.numbers[7] = 8
json.numbers[8] = 9
json.numbers[9] = 10
json.numbers[10] = 11
json.numbers[11] = 12
json.numbers[12] = 13
json.numbers[13] = 14
json.numbers[14] = 15
json.numbers[15] = 16
json.numbers[16] = 17
json.numbers[17] = 18
json.numbers[18] = 19
json.numbers[19] = 20

