json = {}
json.age = null
json.email = null
json.name = null

